Archive member included to satisfy reference by file (symbol)

/opt/gcc-arm-none-eabi-5_4-2016q3/bin/../lib/gcc/arm-none-eabi/5.4.1/armv7-ar/thumb/softfp/libgcc.a(_udivsi3.o)
                              build/kernel/src/ipc.o (__aeabi_uidiv)
/opt/gcc-arm-none-eabi-5_4-2016q3/bin/../lib/gcc/arm-none-eabi/5.4.1/armv7-ar/thumb/softfp/libgcc.a(_divsi3.o)
                              build/kernel/components/finsh/finsh_ops.o (__aeabi_idiv)
/opt/gcc-arm-none-eabi-5_4-2016q3/bin/../lib/gcc/arm-none-eabi/5.4.1/armv7-ar/thumb/softfp/libgcc.a(_dvmd_tls.o)
                              /opt/gcc-arm-none-eabi-5_4-2016q3/bin/../lib/gcc/arm-none-eabi/5.4.1/armv7-ar/thumb/softfp/libgcc.a(_udivsi3.o) (__aeabi_idiv0)

Allocating common symbols
Common symbol       size              file

cntfrq              0x4               build/driver/board.o
rt_interrupt_to_thread
                    0x4               build/cpu/interrupt.o
rt_interrupt_from_thread
                    0x4               build/cpu/interrupt.o
global_sysvar_list  0x4               build/kernel/components/finsh/finsh_var.o
finsh_heap          0x80              build/kernel/components/finsh/finsh_heap.o
shell               0x4               build/kernel/components/finsh/shell.o
rt_thread_switch_interrupt_flag
                    0x4               build/cpu/interrupt.o
text_segment        0x80              build/kernel/components/finsh/finsh_vm.o
finsh_compile_pc    0x4               build/kernel/components/finsh/finsh_compiler.o
finsh_vm_stack      0x100             build/kernel/components/finsh/finsh_vm.o
global_errno        0x1               build/kernel/components/finsh/finsh_error.o
rt_thread_priority_table
                    0x100             build/kernel/src/scheduler.o
rt_object_put_hook  0x4               build/kernel/src/object.o
rt_current_priority
                    0x1               build/kernel/src/scheduler.o
filesystem_table    0x20              build/kernel/components/dfs/src/dfs.o
rt_assert_hook      0x4               build/kernel/src/kservice.o
isr_table           0x200             build/cpu/interrupt.o
rt_object_take_hook
                    0x4               build/kernel/src/object.o
rt_current_thread   0x4               build/kernel/src/scheduler.o
rt_thread_ready_priority_group
                    0x4               build/kernel/src/scheduler.o
rt_thread_defunct   0x8               build/kernel/src/scheduler.o
global_node_table   0x140             build/kernel/components/finsh/finsh_node.o
finsh_compile_sp    0x4               build/kernel/components/finsh/finsh_compiler.o
finsh_pc            0x4               build/kernel/components/finsh/finsh_vm.o
filesystem_operation_table
                    0x8               build/kernel/components/dfs/src/dfs.o
rt_object_trytake_hook
                    0x4               build/kernel/src/object.o
finsh_sp            0x4               build/kernel/components/finsh/finsh_vm.o
global_variable     0xc0              build/kernel/components/finsh/finsh_var.o

Discarded input sections

 .data          0x00000000        0x0 build/applications/main.o
 .bss           0x00000000        0x0 build/applications/main.o
 .text          0x00000000       0x1c build/applications/mnt.o
 .data          0x00000000        0x0 build/applications/mnt.o
 .bss           0x00000000        0x0 build/applications/mnt.o
 .debug_info    0x00000000       0x94 build/applications/mnt.o
 .debug_abbrev  0x00000000       0x44 build/applications/mnt.o
 .debug_loc     0x00000000       0x44 build/applications/mnt.o
 .debug_aranges
                0x00000000       0x20 build/applications/mnt.o
 .debug_line    0x00000000       0x44 build/applications/mnt.o
 .debug_str     0x00000000      0x19a build/applications/mnt.o
 .comment       0x00000000       0x6f build/applications/mnt.o
 .debug_frame   0x00000000       0x30 build/applications/mnt.o
 .ARM.attributes
                0x00000000       0x2f build/applications/mnt.o
 .data          0x00000000        0x0 build/driver/board.o
 .bss           0x00000000        0x0 build/driver/board.o
 .data          0x00000000        0x0 build/cpu/cpu.o
 .bss           0x00000000        0x0 build/cpu/cpu.o
 .data          0x00000000        0x0 build/cpu/interrupt.o
 .bss           0x00000000        0x0 build/cpu/interrupt.o
 .text          0x00000000      0x544 build/cpu/mmu.o
 .data          0x00000000        0x0 build/cpu/mmu.o
 .bss           0x00000000     0x4000 build/cpu/mmu.o
 .rodata        0x00000000      0x104 build/cpu/mmu.o
 .debug_info    0x00000000      0x249 build/cpu/mmu.o
 .debug_abbrev  0x00000000      0x106 build/cpu/mmu.o
 .debug_loc     0x00000000      0x124 build/cpu/mmu.o
 .debug_aranges
                0x00000000       0x20 build/cpu/mmu.o
 .debug_line    0x00000000      0x116 build/cpu/mmu.o
 .debug_str     0x00000000      0x25d build/cpu/mmu.o
 .comment       0x00000000       0x6f build/cpu/mmu.o
 .debug_frame   0x00000000       0xb0 build/cpu/mmu.o
 .ARM.attributes
[...]
Memory Configuration

Name             Origin             Length             Attributes
*default*        0x00000000         0xffffffff

Linker script and memory map

LOAD build/applications/main.o
LOAD build/applications/mnt.o
LOAD build/driver/board.o
LOAD build/driver/drv_uart.o
LOAD build/cpu/cpu.o
LOAD build/cpu/interrupt.o
LOAD build/cpu/mmu.o
LOAD build/cpu/stack.o
LOAD build/cpu/trap.o
LOAD build/cpu/context_gcc.o
LOAD build/cpu/cp15_gcc.o
LOAD build/cpu/start_gcc.o
LOAD build/cpu/vector_gcc.o
LOAD build/kernel/src/clock.o
LOAD build/kernel/src/components.o
LOAD build/kernel/src/device.o
LOAD build/kernel/src/idle.o
LOAD build/kernel/src/ipc.o
LOAD build/kernel/src/irq.o
LOAD build/kernel/src/kservice.o
LOAD build/kernel/src/mem.o
LOAD build/kernel/src/mempool.o
LOAD build/kernel/src/object.o
LOAD build/kernel/src/scheduler.o
LOAD build/kernel/src/signal.o
LOAD build/kernel/src/thread.o
LOAD build/kernel/src/timer.o
LOAD build/kernel/components/dfs/src/dfs.o
LOAD build/kernel/components/dfs/src/dfs_file.o
LOAD build/kernel/components/dfs/src/dfs_fs.o
LOAD build/kernel/components/dfs/src/dfs_posix.o
LOAD build/kernel/components/dfs/filesystems/devfs/devfs.o
LOAD build/kernel/components/drivers/misc/pin.o
LOAD build/kernel/components/drivers/src/completion.o
LOAD build/kernel/components/drivers/src/dataqueue.o
LOAD build/kernel/components/drivers/src/pipe.o
LOAD build/kernel/components/drivers/src/ringblk_buf.o
LOAD build/kernel/components/drivers/src/ringbuffer.o
LOAD build/kernel/components/drivers/src/waitqueue.o
LOAD build/kernel/components/drivers/src/workqueue.o
LOAD build/kernel/components/drivers/serial/serial.o
LOAD build/kernel/components/libc/compilers/minilibc/ctype.o
LOAD build/kernel/components/libc/compilers/minilibc/math.o
LOAD build/kernel/components/libc/compilers/minilibc/qsort.o
LOAD build/kernel/components/libc/compilers/minilibc/rand.o
LOAD build/kernel/components/libc/compilers/minilibc/stdlib.o
LOAD build/kernel/components/libc/compilers/minilibc/string.o
LOAD build/kernel/components/libc/compilers/minilibc/time.o
LOAD build/kernel/components/finsh/shell.o
LOAD build/kernel/components/finsh/cmd.o
LOAD build/kernel/components/finsh/msh.o
LOAD build/kernel/components/finsh/msh_file.o
LOAD build/kernel/components/finsh/finsh_compiler.o
LOAD build/kernel/components/finsh/finsh_error.o
LOAD build/kernel/components/finsh/finsh_heap.o
LOAD build/kernel/components/finsh/finsh_init.o
LOAD build/kernel/components/finsh/finsh_node.o
LOAD build/kernel/components/finsh/finsh_ops.o
LOAD build/kernel/components/finsh/finsh_parser.o
LOAD build/kernel/components/finsh/finsh_var.o
LOAD build/kernel/components/finsh/finsh_vm.o
LOAD build/kernel/components/finsh/finsh_token.o
START GROUP
LOAD /opt/gcc-arm-none-eabi-5_4-2016q3/bin/../lib/gcc/arm-none-eabi/5.4.1/armv7-ar/thumb/softfp/libgcc.a
LOAD /opt/gcc-arm-none-eabi-5_4-2016q3/bin/../lib/gcc/arm-none-eabi/5.4.1/../../../../arm-none-eabi/lib/armv7-ar/thumb/softfp/libc.a
END GROUP
                0x00008000                . = 0x8000
                0x00008000                . = ALIGN (0x4)

.text           0x00008000    0x2793c
 *(.vectors)
 .vectors       0x00008000       0x40 build/cpu/vector_gcc.o
                0x00008000                system_vectors
 *(.text)
 .text          0x00008040       0x44 build/applications/main.o
                0x00008040                main
 .text          0x00008084      0x274 build/driver/board.o
                0x00008194                rt_hw_timer_isr
                0x000081e0                rt_hw_timer_init
                0x00008280                vector_copy
                0x000082a0                rt_hw_board_init
 .text          0x000082f8      0x504 build/driver/drv_uart.o
                0x00008750                rt_hw_uart_init
 .text          0x000087fc       0x8c build/cpu/cpu.o
                0x000087fc                rt_hw_cpu_id
                0x00008830                rt_hw_cpu_shutdown
 .text          0x00008888      0x2f0 build/cpu/interrupt.o
                0x000088b8                rt_hw_interrupt_init
                0x0000899c                rt_hw_interrupt_mask
                0x00008a40                rt_hw_interrupt_umask
                0x00008ae4                rt_hw_interrupt_install
 .text          0x00008b78      0x22c build/cpu/stack.o
                0x00008b78                rt_hw_stack_init
 .text          0x00008da4      0x388 build/cpu/trap.o
                0x00008da4                rt_hw_show_register
                0x00008eb4                rt_hw_trap_undef
                0x00008eec                rt_hw_trap_swi
                0x00008f24                rt_hw_trap_pabt
                0x00008f5c                rt_hw_trap_dabt
                0x00008f94                rt_hw_trap_resv
                0x00008fcc                rt_hw_trap_irq
                0x00009114                rt_hw_trap_fiq
 .text          0x0000912c       0x24 build/cpu/context_gcc.o
                0x0000912c                rt_hw_interrupt_disable
                0x00009138                rt_hw_interrupt_enable
                0x00009140                rt_hw_context_switch_to
 .text          0x00009150      0x134 build/cpu/cp15_gcc.o
                0x00009150                rt_cpu_get_smp_id
                0x00009158                rt_cpu_vector_set_base
                0x00009164                rt_hw_cpu_dcache_enable
                0x00009174                rt_hw_cpu_icache_enable
                0x0000918c                rt_cpu_dcache_clean_flush
                0x00009220                rt_hw_cpu_dcache_disable
                0x0000923c                rt_hw_cpu_icache_disable
                0x0000924c                rt_cpu_mmu_disable
                0x00009264                rt_cpu_mmu_enable
                0x00009278                rt_cpu_tlb_set
 .text          0x00009284       0xfc build/cpu/start_gcc.o
                0x00009284                _reset
                0x00009350                arm_smp_enable
                0x00009360                arm_smp_disable
 .text          0x00009380      0x1cc build/kernel/src/clock.o
                0x00009380                rt_system_tick_init
                0x00009398                rt_tick_get
                0x000093bc                rt_tick_set
                0x000093f8                rt_tick_increase
                0x00009488                rt_tick_from_millisecond
 .text          0x0000954c      0x200 build/kernel/src/components.o
                0x000095bc                rt_components_board_init
                0x00009610                rt_components_init
                0x00009664                entry
                0x0000967c                main_thread_entry
                0x000096a0                rt_application_init
                0x00009714                rtthread_startup
 .text          0x0000974c      0xab4 build/kernel/src/device.o
                0x0000974c                rt_device_register
                0x000097e0                rt_device_unregister
                0x00009890                rt_device_init_all
                0x000098ac                rt_device_find
                0x0000999c                rt_device_create
                0x00009a24                rt_device_destroy
                0x00009ad8                rt_device_init
                0x00009b9c                rt_device_open
                0x00009d88                rt_device_close
                0x00009e94                rt_device_read
                0x00009f70                rt_device_write
                0x0000a04c                rt_device_control
                0x0000a0f8                rt_device_set_rx_indicate
                0x0000a17c                rt_device_set_tx_complete
 .text          0x0000a200      0x464 build/kernel/src/idle.o
                0x0000a264                rt_thread_idle_sethook
                0x0000a2f8                rt_thread_idle_delhook
                0x0000a3d4                rt_thread_idle_excute
                0x0000a570                rt_thread_idle_init
                0x0000a638                rt_thread_idle_gethandler
 .text          0x0000a664     0x3b24 build/kernel/src/ipc.o
                0x0000a910                rt_sem_init
                0x0000a9c0                rt_sem_detach
                0x0000aa80                rt_sem_create
                0x0000ab68                rt_sem_delete
                0x0000ac74                rt_sem_take
                0x0000aec0                rt_sem_trytake
                0x0000aeec                rt_sem_release
                0x0000aff8                rt_sem_control
                0x0000b0cc                rt_mutex_init
                0x0000b178                rt_mutex_detach
                0x0000b238                rt_mutex_create
                0x0000b318                rt_mutex_delete
                0x0000b424                rt_mutex_take
                0x0000b734                rt_mutex_release
                0x0000b9d8                rt_mutex_control
                0x0000ba54                rt_event_init
                0x0000badc                rt_event_detach
                0x0000bb9c                rt_event_create
                0x0000bc58                rt_event_delete
                0x0000bd64                rt_event_send
                0x0000bf9c                rt_event_recv
                0x0000c308                rt_event_control
                0x0000c3d0                rt_mb_init
                0x0000c49c                rt_mb_detach
                0x0000c56c                rt_mb_create
                0x0000c6a8                rt_mb_delete
                0x0000c7d4                rt_mb_send_wait
                0x0000cb48                rt_mb_send
                0x0000cb7c                rt_mb_recv
                0x0000cf48                rt_mb_control
                0x0000d038                rt_mq_init
                0x0000d1a4                rt_mq_detach
                0x0000d274                rt_mq_create
                0x0000d444                rt_mq_delete
                0x0000d570                rt_mq_send_wait
                0x0000d988                rt_mq_send
                0x0000d9c4                rt_mq_urgent
                0x0000dbec                rt_mq_recv
                0x0000e044                rt_mq_control
 .text          0x0000e188      0x17c build/kernel/src/irq.o
                0x0000e188                rt_interrupt_enter_sethook
                0x0000e1b8                rt_interrupt_leave_sethook
                0x0000e1e8                rt_interrupt_enter
                0x0000e258                rt_interrupt_leave
                0x0000e2c8                rt_interrupt_get_nest
 .text          0x0000e304     0x1ddc build/kernel/src/kservice.o
                0x0000e304                rt_get_errno
                0x0000e368                rt_set_errno
                0x0000e3d8                _rt_errno
                0x0000e434                memset
                0x0000e434                rt_memset
                0x0000e594                memcpy
                0x0000e594                rt_memcpy
                0x0000e72c                memmove
                0x0000e72c                rt_memmove
                0x0000e828                memcmp
                0x0000e828                rt_memcmp
                0x0000e8d0                strstr
                0x0000e8d0                rt_strstr
                0x0000e97c                strcasecmp
                0x0000e97c                rt_strcasecmp
                0x0000ea38                rt_strncpy
                0x0000eaf8                rt_strncmp
                0x0000eb88                rt_strcmp
                0x0000ec08                rt_strnlen
                0x0000ec7c                rt_strlen
                0x0000ec7c                strlen
                0x0000ecd0                strdup
                0x0000ecd0                rt_strdup
                0x0000ed34                rt_show_version
                0x0000f1fc                rt_vsnprintf
                0x0000fac4                snprintf
                0x0000fac4                rt_snprintf
                0x0000fb14                vsprintf
                0x0000fb14                rt_vsprintf
                0x0000fb50                rt_sprintf
                0x0000fb50                sprintf
                0x0000fb98                rt_console_get_device
                0x0000fbbc                rt_console_set_device
                0x0000fc48                rt_hw_console_output
                0x0000fc68                rt_kputs
                0x0000fd2c                rt_kprintf
                0x0000fe20                rt_malloc_align
                0x0000ff18                rt_free_align
                0x0000ff4c                __rt_ffs
                0x00010024                rt_assert_set_hook
                0x00010054                rt_assert_handler
 .text          0x000100e0     0x1030 build/kernel/src/mem.o
                0x000100e0                rt_malloc_sethook
                0x00010110                rt_free_sethook
                0x00010344                rt_system_heap_init
                0x00010540                rt_malloc
                0x00010a40                rt_realloc
                0x00010d20                rt_calloc
                0x00010d84                rt_free
                0x00011024                rt_memory_info
                0x000110ac                list_mem
 .text          0x00011110      0x874 build/kernel/src/object.o
                0x000111d0                rt_object_attach_sethook
                0x00011200                rt_object_detach_sethook
                0x00011230                rt_object_trytake_sethook
                0x00011260                rt_object_take_sethook
                0x00011290                rt_object_put_sethook
                0x000112c0                rt_system_object_init
                0x000112d8                rt_object_get_information
                0x00011358                rt_object_init
                0x000114b4                rt_object_detach
                0x00011548                rt_object_allocate
                0x000116b0                rt_object_delete
                0x00011778                rt_object_is_systemobject
                0x000117d8                rt_object_get_type
                0x00011828                rt_object_find
 .text          0x00011984      0x8f4 build/kernel/src/scheduler.o
                0x00011abc                rt_scheduler_sethook
                0x00011c4c                rt_system_scheduler_init
                0x00011cb4                rt_system_scheduler_start
                0x00011d04                rt_schedule
                0x00011fb8                rt_schedule_insert_thread
                0x000120c4                rt_schedule_remove_thread
                0x00012178                rt_enter_critical
                0x000121c0                rt_exit_critical
                0x00012250                rt_critical_level
 .text          0x00012278      0xf00 build/kernel/src/thread.o
                0x00012374                rt_thread_suspend_sethook
                0x000123a4                rt_thread_resume_sethook
                0x000123d4                rt_thread_inited_sethook
                0x00012404                rt_thread_exit
                0x00012650                rt_thread_init
                0x00012708                rt_thread_self
                0x0001272c                rt_thread_startup
                0x00012820                rt_thread_detach
                0x0001294c                rt_thread_create
                0x000129f8                rt_thread_delete
                0x00012af4                rt_thread_yield
                0x00012b0c                rt_thread_sleep
                0x00012be4                rt_thread_delay
                0x00012c0c                rt_thread_mdelay
                0x00012c40                rt_thread_control
                0x00012d94                rt_thread_suspend
                0x00012ed4                rt_thread_resume
                0x00012fc0                rt_thread_timeout
                0x00013088                rt_thread_find
 .text          0x00013178      0xf74 build/kernel/src/timer.o
                0x000132b0                rt_timer_enter_sethook
                0x000132e0                rt_timer_exit_sethook
                0x00013480                rt_timer_init
                0x000134f8                rt_timer_detach
                0x000135bc                rt_timer_create
                0x00013628                rt_timer_delete
                0x000136ec                rt_timer_start
                0x00013a9c                rt_timer_stop
                0x00013b88                rt_timer_control
                0x00013c84                rt_timer_check
                0x00013de0                rt_timer_next_timeout_tick
                0x00013e00                rt_soft_timer_check
                0x00013fec                rt_system_timer_init
                0x00014044                rt_system_timer_thread_init
 .text          0x000140ec      0xe04 build/kernel/components/dfs/src/dfs.o
                0x000140ec                dfs_init
                0x000141e0                dfs_lock
                0x00014248                dfs_unlock
                0x00014470                fd_new
                0x0001452c                fd_get
                0x000145f0                fd_put
                0x000146e0                fd_is_open
                0x00014874                dfs_subdir
                0x00014904                dfs_normalize_path
                0x00014cd0                dfs_fdtable_get
                0x00014cfc                list_fd
 .text          0x00014ef0     0x1474 build/kernel/components/dfs/src/dfs_file.o
                0x00014ef0                dfs_file_open
                0x00015130                dfs_file_close
                0x000151c8                dfs_file_ioctl
                0x000152cc                dfs_file_read
                0x0001536c                dfs_file_getdents
                0x000153f0                dfs_file_unlink
                0x00015550                dfs_file_write
                0x000155c4                dfs_file_flush
                0x00015628                dfs_file_lseek
                0x000156b0                dfs_file_stat
                0x000158ac                dfs_file_rename
                0x00015a28                dfs_file_ftruncate
                0x00015ad8                ls
                0x00015c9c                rm
                0x00015cdc                cat
                0x00016148                copy
 .text          0x00016364      0xf20 build/kernel/components/dfs/src/dfs_fs.o
                0x00016364                dfs_register
                0x0001649c                dfs_filesystem_lookup
                0x000165f4                dfs_filesystem_get_mounted_path
                0x0001668c                dfs_filesystem_get_partition
                0x000168e4                dfs_mount
                0x00016c90                dfs_unmount
                0x00016e04                dfs_mkfs
                0x00016fac                dfs_statfs
                0x0001701c                mkfs
                0x00017048                df
 .text          0x00017284      0xe10 build/kernel/components/dfs/src/dfs_posix.o
                0x00017284                open
                0x00017328                close
                0x000173a8                read
                0x00017438                write
                0x000174c8                lseek
                0x000175e4                rename
                0x00017634                unlink
                0x0001767c                stat
                0x000176cc                fstat
                0x0001779c                fsync
                0x000177f8                fcntl
                0x000178a4                ioctl
                0x000178fc                ftruncate
                0x000179a8                statfs
                0x000179f8                mkdir
                0x00017aa8                rmdir
                0x00017af0                opendir
                0x00017bd8                readdir
                0x00017d04                telldir
                0x00017d80                seekdir
                0x00017e04                rewinddir
                0x00017e84                closedir
                0x00017f14                chdir
                0x0001800c                access
                0x00018054                getcwd
 .text          0x00018094      0x8c4 build/kernel/components/dfs/filesystems/devfs/devfs.o
                0x00018094                dfs_device_fs_mount
                0x000180c0                dfs_device_fs_ioctl
                0x00018164                dfs_device_fs_read
                0x00018218                dfs_device_fs_write
                0x000182cc                dfs_device_fs_close
                0x000183bc                dfs_device_fs_open
                0x000185dc                dfs_device_fs_stat
                0x00018790                dfs_device_fs_getdents
                0x00018938                devfs_init
 .text          0x00018958      0x5fc build/kernel/components/drivers/misc/pin.o
                0x00018b48                rt_device_pin_register
                0x00018c40                rt_pin_attach_irq
                0x00018ce8                rt_pin_detach_irq
                0x00018d74                rt_pin_irq_enable
                0x00018e08                rt_pin_mode
                0x00018e78                rt_pin_write
                0x00018ee8                rt_pin_read
 .text          0x00018f54      0x394 build/kernel/components/drivers/src/completion.o
                0x00019028                rt_completion_init
                0x00019094                rt_completion_wait
                0x00019234                rt_completion_done
 .text          0x000192e8      0x9a0 build/kernel/components/drivers/src/dataqueue.o
                0x000193bc                rt_data_queue_init
                0x0001949c                rt_data_queue_push
                0x0001974c                rt_data_queue_pop
                0x00019a98                rt_data_queue_peak
                0x00019ba8                rt_data_queue_reset
 .text          0x00019c88     0x1d98 build/kernel/components/drivers/serial/serial.o
                0x0001b4fc                rt_hw_serial_register
                0x0001b600                rt_hw_serial_isr
 .text          0x0001ba20      0x28c build/kernel/components/libc/compilers/minilibc/stdlib.o
                0x0001ba20                atoi
                0x0001bb10                atol
                0x0001bc00                malloc
                0x0001bc28                free
                0x0001bc4c                realloc
                0x0001bc7c                calloc
 .text          0x0001bcac     0x1834 build/kernel/components/libc/compilers/minilibc/string.o
                0x0001bcac                strcpy
                0x0001bcf0                strncpy
                0x0001bd28                strlcpy
                0x0001bdec                strcmp
                0x0001be6c                strncmp
                0x0001befc                strcat
                0x0001bf7c                strncat
                0x0001c034                strrchr
                0x0001c0a0                strncasecmp
                0x0001c268                tolower
                0x0001c298                toupper
                0x0001c2c8                simple_strtoul
                0x0001c488                simple_strtol
                0x0001c4f4                simple_strtoull
                0x0001c6e8                simple_strtoll
                0x0001c764                vsscanf
                0x0001d0c0                sscanf
                0x0001d108                strspn
                0x0001d1f4                strcspn
                0x0001d2d8                strtok_r
                0x0001d3a0                strtok
                0x0001d3d8                strchr
                0x0001d460                strtol
                0x0001d49c                strtoll
 .text          0x0001d4e0     0x1998 build/kernel/components/finsh/shell.o
                0x0001d4e0                finsh_set_prompt
                0x0001d598                finsh_get_prompt
                0x0001d6f8                finsh_get_prompt_mode
                0x0001d74c                finsh_set_prompt_mode
                0x0001d8b8                finsh_set_device
                0x0001da40                finsh_get_device
                0x0001da8c                finsh_set_echo
                0x0001dafc                finsh_get_echo
                0x0001dbb8                finsh_run_line
                0x0001df94                finsh_thread_entry
                0x0001ece4                finsh_system_function_init
                0x0001ed28                finsh_system_var_init
                0x0001ed6c                finsh_system_init
 .text          0x0001ee78     0x1bf4 build/kernel/components/finsh/cmd.o
                0x0001ef18                hello
                0x0001ef38                version
                0x0001f18c                list_thread
                0x0001f4d4                list_sem
                0x0001f6b8                list_event
                0x0001f87c                list_mutex
                0x0001f9f8                list_mailbox
                0x0001fbfc                list_msgqueue
                0x0001fde0                list_mempool
                0x00020000                list_timer
                0x0002019c                list_device
                0x0002031c                list
                0x000205c8                list_prefix
 .text          0x00020a6c      0xde8 build/kernel/components/finsh/msh.o
                0x00020a6c                msh_is_used
                0x00020af4                msh_help
                0x00020bbc                cmd_ps
                0x00020be4                cmd_free
                0x00021118                msh_exec
                0x000212b8                msh_auto_complete_path
                0x0002168c                msh_auto_complete
 .text          0x00021854      0xb5c build/kernel/components/finsh/msh_file.o
                0x00021984                msh_exec_script
                0x00021bec                cmd_ls
                0x00021c40                cmd_cp
                0x00021cb0                cmd_mv
                0x00021ec0                cmd_cat
                0x00021f54                cmd_rm
                0x00021fe8                cmd_cd
                0x00022078                cmd_pwd
                0x000220b0                cmd_mkdir
                0x00022114                cmd_mkfs
                0x00022208                cmd_df
                0x000222bc                cmd_echo
 .text          0x000223b0     0x3bcc build/kernel/components/finsh/finsh_compiler.o
                0x00025e84                finsh_compiler_run
 .text          0x00025f7c       0xbc build/kernel/components/finsh/finsh_error.o
                0x00025f7c                finsh_error_init
                0x00025fa8                finsh_error_set
                0x00025fe0                finsh_errno
                0x00026004                finsh_error_string
 .text          0x00026038      0x6d8 build/kernel/components/finsh/finsh_heap.o
                0x00026038                finsh_heap_init
                0x000260ac                finsh_heap_allocate
                0x000261dc                finsh_heap_free
 .text          0x00026710       0xbc build/kernel/components/finsh/finsh_init.o
                0x00026710                finsh_init
                0x00026748                finsh_stack_bottom
                0x0002676c                finsh_flush
                0x0002679c                finsh_reset
 .text          0x000267cc      0x424 build/kernel/components/finsh/finsh_node.o
                0x000267cc                finsh_node_init
                0x000267f4                finsh_node_allocate
                0x000268b4                finsh_node_new_id
                0x000269ec                finsh_node_new_char
                0x00026a44                finsh_node_new_int
                0x00026a98                finsh_node_new_long
                0x00026aec                finsh_node_new_string
                0x00026b9c                finsh_node_new_ptr
 .text          0x00026bf0     0x1c78 build/kernel/components/finsh/finsh_ops.o
                0x00026bf0                OP_no_op
                0x00026c08                OP_add_byte
                0x00026c80                OP_add_word
                0x00026d04                OP_add_dword
                0x00026d78                OP_sub_byte
                0x00026df0                OP_sub_word
                0x00026e74                OP_sub_dword
                0x00026ee8                OP_div_byte
                0x00026f64                OP_div_word
                0x00026fe4                OP_div_dword
                0x0002705c                OP_mod_byte
                0x000270d8                OP_mod_word
                0x00027158                OP_mod_dword
                0x000271d0                OP_mul_byte
                0x00027248                OP_mul_word
                0x000272cc                OP_mul_dword
                0x00027340                OP_and_byte
                0x000273b8                OP_and_word
                0x00027430                OP_and_dword
                0x000274a4                OP_or_byte
                0x0002751c                OP_or_word
                0x00027594                OP_or_dword
                0x00027608                OP_xor_byte
                0x00027680                OP_xor_word
                0x000276f8                OP_xor_dword
                0x0002776c                OP_bw_byte
                0x000277b4                OP_bw_word
                0x000277fc                OP_bw_dword
                0x00027840                OP_shl_byte
                0x000278bc                OP_shl_word
                0x00027938                OP_shl_dword
                0x000279ac                OP_shr_byte
                0x00027a28                OP_shr_word
                0x00027aa4                OP_shr_dword
                0x00027b18                OP_ld_byte
                0x00027b88                OP_ld_word
                0x00027c20                OP_ld_dword
                0x00027ce8                OP_ld_value_byte
                0x00027dc0                OP_ld_value_byte_stack
                0x00027e10                OP_ld_value_word
                0x00027ee8                OP_ld_value_word_stack
                0x00027f38                OP_ld_value_dword
                0x00028010                OP_ld_value_dword_stack
                0x00028060                OP_st_byte
                0x000280c4                OP_st_word
                0x00028128                OP_st_dword
                0x0002818c                OP_pop
                0x000281c0                OP_call
 .text          0x00028868     0x1748 build/kernel/components/finsh/finsh_parser.o
                0x00029d0c                finsh_parser_run
                0x00029f80                finsh_parser_init
 .text          0x00029fb0      0x468 build/kernel/components/finsh/finsh_var.o
                0x00029fb0                finsh_var_init
                0x00029fd8                finsh_var_insert
                0x0002a108                finsh_var_delete
                0x0002a1c4                finsh_var_lookup
                0x0002a26c                finsh_sysvar_append
                0x0002a330                finsh_sysvar_lookup
 .text          0x0002a418      0x25c build/kernel/components/finsh/finsh_vm.o
                0x0002a418                finsh_vm_run
                0x0002a4dc                finsh_syscall_append
                0x0002a58c                finsh_syscall_lookup
 .text          0x0002a674     0x12b0 build/kernel/components/finsh/finsh_token.o
                0x0002a674                finsh_token_init
                0x0002a6b0                finsh_token_token
                0x0002a6fc                finsh_token_get_token
                0x0002a734                token_get_string
 *fill*         0x0002b924        0x4 
 .text          0x0002b928      0x278 /opt/gcc-arm-none-eabi-5_4-2016q3/bin/../lib/gcc/arm-none-eabi/5.4.1/armv7-ar/thumb/softfp/libgcc.a(_udivsi3.o)
                0x0002b928                __udivsi3
                0x0002b928                __aeabi_uidiv
                0x0002bb84                __aeabi_uidivmod
 .text          0x0002bba0      0x2b0 /opt/gcc-arm-none-eabi-5_4-2016q3/bin/../lib/gcc/arm-none-eabi/5.4.1/armv7-ar/thumb/softfp/libgcc.a(_divsi3.o)
                0x0002bba0                __aeabi_idiv
                0x0002bba0                __divsi3
                0x0002be34                __aeabi_idivmod
 .text          0x0002be50        0x4 /opt/gcc-arm-none-eabi-5_4-2016q3/bin/../lib/gcc/arm-none-eabi/5.4.1/armv7-ar/thumb/softfp/libgcc.a(_dvmd_tls.o)
                0x0002be50                __aeabi_ldiv0
                0x0002be50                __aeabi_idiv0
 *(.text.*)
 .text.isr      0x0002be54       0x64 build/cpu/context_gcc.o
                0x0002be54                rt_hw_context_switch
                0x0002be80                rt_hw_context_switch_interrupt
 *fill*         0x0002beb8        0x8 
 .text.isr      0x0002bec0      0x1d8 build/cpu/start_gcc.o
                0x0002bec0                vector_fiq
                0x0002bee0                vector_irq
                0x0002bf60                vector_swi
                0x0002bfa0                vector_undef
                0x0002bfe0                vector_pabt
                0x0002c020                vector_dabt
                0x0002c060                vector_resv
 *(.rodata)
 .rodata        0x0002c098       0x24 build/applications/main.o
 .rodata        0x0002c0bc       0x27 build/driver/board.o
 *fill*         0x0002c0e3        0x1 
 .rodata        0x0002c0e4       0x6e build/driver/drv_uart.o
 *fill*         0x0002c152        0x2 
 .rodata        0x0002c154       0x27 build/cpu/cpu.o
 *fill*         0x0002c17b        0x1 
 .rodata        0x0002c17c       0x13 build/cpu/interrupt.o
 *fill*         0x0002c18f        0x1 
 .rodata        0x0002c190      0x13c build/cpu/trap.o
 .rodata        0x0002c2cc       0x2c build/kernel/src/components.o
 .rodata        0x0002c2f8      0x1e2 build/kernel/src/device.o
 *fill*         0x0002c4da        0x2 
 .rodata        0x0002c4dc       0x4a build/kernel/src/idle.o
 *fill*         0x0002c526        0x2 
 .rodata        0x0002c528      0x6aa build/kernel/src/ipc.o
 *fill*         0x0002cbd2        0x2 
 .rodata        0x0002cbd4      0x1ed build/kernel/src/kservice.o
                0x0002cc64                __lowest_bit_bitmap
 *fill*         0x0002cdc1        0x3 
 .rodata        0x0002cdc4      0x33c build/kernel/src/mem.o
 .rodata        0x0002d100      0x11f build/kernel/src/object.o
 *fill*         0x0002d21f        0x1 
 .rodata        0x0002d220       0xba build/kernel/src/scheduler.o
 *fill*         0x0002d2da        0x2 
 .rodata        0x0002d2dc      0x273 build/kernel/src/thread.o
 *fill*         0x0002d54f        0x1 
 .rodata        0x0002d550      0x141 build/kernel/src/timer.o
 *fill*         0x0002d691        0x3 
 .rodata        0x0002d694      0x157 build/kernel/components/dfs/src/dfs.o
 *fill*         0x0002d7eb        0x1 
 .rodata        0x0002d7ec      0x1cc build/kernel/components/dfs/src/dfs_file.o
 .rodata        0x0002d9b8      0x1f9 build/kernel/components/dfs/src/dfs_fs.o
 *fill*         0x0002dbb1        0x3 
 .rodata        0x0002dbb4        0x4 build/kernel/components/dfs/src/dfs_posix.o
 .rodata        0x0002dbb8      0x123 build/kernel/components/dfs/filesystems/devfs/devfs.o
 *fill*         0x0002dcdb        0x1 
 .rodata        0x0002dcdc       0xb4 build/kernel/components/drivers/misc/pin.o
 .rodata        0x0002dd90       0xaf build/kernel/components/drivers/src/completion.o
 *fill*         0x0002de3f        0x1 
 .rodata        0x0002de40       0xb3 build/kernel/components/drivers/src/dataqueue.o
 *fill*         0x0002def3        0x1 
 .rodata        0x0002def4      0x2d9 build/kernel/components/drivers/serial/serial.o
 *fill*         0x0002e1cd        0x3 
 .rodata        0x0002e1d0      0x15b build/kernel/components/finsh/shell.o
 *fill*         0x0002e32b        0x1 
 .rodata        0x0002e32c      0x6d0 build/kernel/components/finsh/cmd.o
 .rodata        0x0002e9fc       0x92 build/kernel/components/finsh/msh.o
 *fill*         0x0002ea8e        0x2 
 .rodata        0x0002ea90      0x229 build/kernel/components/finsh/msh_file.o
 *fill*         0x0002ecb9        0x3 
 .rodata        0x0002ecbc       0xf2 build/kernel/components/finsh/finsh_error.o
 *fill*         0x0002edae        0x2 
 .rodata        0x0002edb0       0xc4 build/kernel/components/finsh/finsh_ops.o
                0x0002edb0                op_table
 .rodata        0x0002ee74       0x80 build/kernel/components/finsh/finsh_token.o
 *(.rodata*)
 .rodata.name   0x0002eef4       0x2a build/kernel/src/mem.o
                0x0002eef4                __fsym_list_mem_name
                0x0002ef00                __fsym_list_mem_desc
 *fill*         0x0002ef1e        0x2 
 .rodata.name   0x0002ef20       0x25 build/kernel/components/dfs/src/dfs.o
                0x0002ef20                __fsym___cmd_list_fd_name
                0x0002ef30                __fsym___cmd_list_fd_desc
 *fill*         0x0002ef45        0x3 
 .rodata.name   0x0002ef48       0x65 build/kernel/components/dfs/src/dfs_file.o
                0x0002ef48                __fsym_ls_name
                0x0002ef4c                __fsym_ls_desc
                0x0002ef64                __fsym_rm_name
                0x0002ef68                __fsym_rm_desc
                0x0002ef84                __fsym_cat_name
                0x0002ef88                __fsym_cat_desc
                0x0002ef94                __fsym_copy_name
                0x0002ef9c                __fsym_copy_desc
 *fill*         0x0002efad        0x3 
 .rodata.name   0x0002efb0       0x2e build/kernel/components/dfs/src/dfs_fs.o
                0x0002efb0                __fsym_mkfs_name
                0x0002efb8                __fsym_mkfs_desc
                0x0002efcc                __fsym_df_name
                0x0002efd0                __fsym_df_desc
 *fill*         0x0002efde        0x2 
 .rodata.name   0x0002efe0       0x41 build/kernel/components/dfs/src/dfs_posix.o
                0x0002efe0                __fsym_mkdir_name
                0x0002efe8                __fsym_mkdir_desc
                0x0002effc                __fsym_cd_name
                0x0002f000                __fsym_cd_desc
 *fill*         0x0002f021        0x3 
 .rodata.name   0x0002f024       0x6e build/kernel/components/drivers/misc/pin.o
                0x0002f024                __fsym_pinMode_name
                0x0002f02c                __fsym_pinMode_desc
                0x0002f044                __fsym_pinWrite_name
                0x0002f050                __fsym_pinWrite_desc
                0x0002f06c                __fsym_pinRead_name
                0x0002f074                __fsym_pinRead_desc
 *fill*         0x0002f092        0x2 
 .rodata.name   0x0002f094      0x39d build/kernel/components/finsh/cmd.o
                0x0002f094                __fsym_hello_name
                0x0002f09c                __fsym_hello_desc
                0x0002f0ac                __fsym_version_name
                0x0002f0b4                __fsym_version_desc
                0x0002f0d8                __fsym___cmd_version_name
                0x0002f0e8                __fsym___cmd_version_desc
                0x0002f10c                __fsym_list_thread_name
                0x0002f118                __fsym_list_thread_desc
                0x0002f124                __fsym___cmd_list_thread_name
                0x0002f138                __fsym___cmd_list_thread_desc
                0x0002f144                __fsym_list_sem_name
                0x0002f150                __fsym_list_sem_desc
                0x0002f16c                __fsym___cmd_list_sem_name
                0x0002f17c                __fsym___cmd_list_sem_desc
                0x0002f198                __fsym_list_event_name
                0x0002f1a4                __fsym_list_event_desc
                0x0002f1bc                __fsym___cmd_list_event_name
                0x0002f1d0                __fsym___cmd_list_event_desc
                0x0002f1e8                __fsym_list_mutex_name
                0x0002f1f4                __fsym_list_mutex_desc
                0x0002f20c                __fsym___cmd_list_mutex_name
                0x0002f220                __fsym___cmd_list_mutex_desc
                0x0002f238                __fsym_list_mailbox_name
                0x0002f248                __fsym_list_mailbox_desc
                0x0002f260                __fsym___cmd_list_mailbox_name
                0x0002f274                __fsym___cmd_list_mailbox_desc
                0x0002f28c                __fsym_list_msgqueue_name
                0x0002f29c                __fsym_list_msgqueue_desc
                0x0002f2bc                __fsym___cmd_list_msgqueue_name
                0x0002f2d0                __fsym___cmd_list_msgqueue_desc
                0x0002f2f0                __fsym_list_mempool_name
                0x0002f300                __fsym_list_mempool_desc
                0x0002f31c                __fsym___cmd_list_mempool_name
                0x0002f330                __fsym___cmd_list_mempool_desc
                0x0002f34c                __fsym_list_timer_name
                0x0002f358                __fsym_list_timer_desc
                0x0002f370                __fsym___cmd_list_timer_name
                0x0002f384                __fsym___cmd_list_timer_desc
                0x0002f39c                __fsym_list_device_name
                0x0002f3a8                __fsym_list_device_desc
                0x0002f3c0                __fsym___cmd_list_device_name
                0x0002f3d4                __fsym___cmd_list_device_desc
                0x0002f3ec                __fsym_list_name
                0x0002f3f4                __fsym_list_desc
                0x0002f410                __vsym_dummy_name
                0x0002f418                __vsym_dummy_desc
 *fill*         0x0002f431        0x3 
 .rodata.name   0x0002f434       0xc1 build/kernel/components/finsh/msh.o
                0x0002f434                __fsym___cmd_exit_name
                0x0002f440                __fsym___cmd_exit_desc
                0x0002f460                __fsym_msh_name
                0x0002f464                __fsym_msh_desc
                0x0002f478                __fsym___cmd_help_name
                0x0002f484                __fsym___cmd_help_desc
                0x0002f49c                __fsym___cmd_ps_name
                0x0002f4a8                __fsym___cmd_ps_desc
                0x0002f4c4                __fsym___cmd_free_name
                0x0002f4d0                __fsym___cmd_free_desc
 *fill*         0x0002f4f5        0x3 
 .rodata.name   0x0002f4f8      0x1b8 build/kernel/components/finsh/msh_file.o
                0x0002f4f8                __fsym___cmd_ls_name
                0x0002f504                __fsym___cmd_ls_desc
                0x0002f528                __fsym___cmd_cp_name
                0x0002f534                __fsym___cmd_cp_desc
                0x0002f54c                __fsym___cmd_mv_name
                0x0002f558                __fsym___cmd_mv_desc
                0x0002f570                __fsym___cmd_cat_name
                0x0002f57c                __fsym___cmd_cat_desc
                0x0002f590                __fsym___cmd_rm_name
                0x0002f59c                __fsym___cmd_rm_desc
                0x0002f5b8                __fsym___cmd_cd_name
                0x0002f5c4                __fsym___cmd_cd_desc
                0x0002f5e8                __fsym___cmd_pwd_name
                0x0002f5f4                __fsym___cmd_pwd_desc
                0x0002f628                __fsym___cmd_mkdir_name
                0x0002f634                __fsym___cmd_mkdir_desc
                0x0002f64c                __fsym___cmd_mkfs_name
                0x0002f658                __fsym___cmd_mkfs_desc
                0x0002f678                __fsym___cmd_df_name
                0x0002f684                __fsym___cmd_df_desc
                0x0002f690                __fsym___cmd_echo_name
                0x0002f69c                __fsym___cmd_echo_desc
 *(.glue_7)
 .glue_7        0x0002f6b0        0x0 linker stubs
 *(.glue_7t)
 .glue_7t       0x0002f6b0        0x0 linker stubs
 *(.gnu.linkonce.t*)
                0x0002f6b0                . = ALIGN (0x4)
                0x0002f6b0                __fsymtab_start = .
 *(FSymTab)
 FSymTab        0x0002f6b0        0xc build/kernel/src/mem.o
                0x0002f6b0                __fsym_list_mem
 FSymTab        0x0002f6bc        0xc build/kernel/components/dfs/src/dfs.o
                0x0002f6bc                __fsym___cmd_list_fd
 FSymTab        0x0002f6c8       0x30 build/kernel/components/dfs/src/dfs_file.o
                0x0002f6c8                __fsym_ls
                0x0002f6d4                __fsym_rm
                0x0002f6e0                __fsym_cat
                0x0002f6ec                __fsym_copy
 FSymTab        0x0002f6f8       0x18 build/kernel/components/dfs/src/dfs_fs.o
                0x0002f6f8                __fsym_mkfs
                0x0002f704                __fsym_df
 FSymTab        0x0002f710       0x18 build/kernel/components/dfs/src/dfs_posix.o
                0x0002f710                __fsym_mkdir
                0x0002f71c                __fsym_cd
 FSymTab        0x0002f728       0x24 build/kernel/components/drivers/misc/pin.o
                0x0002f728                __fsym_pinMode
                0x0002f734                __fsym_pinWrite
                0x0002f740                __fsym_pinRead
 FSymTab        0x0002f74c      0x108 build/kernel/components/finsh/cmd.o
                0x0002f74c                __fsym_hello
                0x0002f758                __fsym_version
                0x0002f764                __fsym___cmd_version
                0x0002f770                __fsym_list_thread
                0x0002f77c                __fsym___cmd_list_thread
                0x0002f788                __fsym_list_sem
                0x0002f794                __fsym___cmd_list_sem
                0x0002f7a0                __fsym_list_event
                0x0002f7ac                __fsym___cmd_list_event
                0x0002f7b8                __fsym_list_mutex
                0x0002f7c4                __fsym___cmd_list_mutex
                0x0002f7d0                __fsym_list_mailbox
                0x0002f7dc                __fsym___cmd_list_mailbox
                0x0002f7e8                __fsym_list_msgqueue
                0x0002f7f4                __fsym___cmd_list_msgqueue
                0x0002f800                __fsym_list_mempool
                0x0002f80c                __fsym___cmd_list_mempool
                0x0002f818                __fsym_list_timer
                0x0002f824                __fsym___cmd_list_timer
                0x0002f830                __fsym_list_device
                0x0002f83c                __fsym___cmd_list_device
                0x0002f848                __fsym_list
 FSymTab        0x0002f854       0x3c build/kernel/components/finsh/msh.o
                0x0002f854                __fsym___cmd_exit
                0x0002f860                __fsym_msh
                0x0002f86c                __fsym___cmd_help
                0x0002f878                __fsym___cmd_ps
                0x0002f884                __fsym___cmd_free
 FSymTab        0x0002f890       0x84 build/kernel/components/finsh/msh_file.o
                0x0002f890                __fsym___cmd_ls
                0x0002f89c                __fsym___cmd_cp
                0x0002f8a8                __fsym___cmd_mv
                0x0002f8b4                __fsym___cmd_cat
                0x0002f8c0                __fsym___cmd_rm
                0x0002f8cc                __fsym___cmd_cd
                0x0002f8d8                __fsym___cmd_pwd
                0x0002f8e4                __fsym___cmd_mkdir
                0x0002f8f0                __fsym___cmd_mkfs
                0x0002f8fc                __fsym___cmd_df
                0x0002f908                __fsym___cmd_echo
                0x0002f914                __fsymtab_end = .
                0x0002f914                . = ALIGN (0x4)
                0x0002f914                __vsymtab_start = .
 *(VSymTab)
 VSymTab        0x0002f914       0x10 build/kernel/components/finsh/cmd.o
                0x0002f914                __vsym_dummy
                0x0002f924                __vsymtab_end = .
                0x0002f924                . = ALIGN (0x4)
                0x0002f924                . = ALIGN (0x4)
                0x0002f924                __rt_init_start = .
 *(SORT(.rti_fn*))
 .rti_fn.0      0x0002f924        0x4 build/kernel/src/components.o
                0x0002f924                __rt_init_rti_start
 .rti_fn.0.end  0x0002f928        0x4 build/kernel/src/components.o
                0x0002f928                __rt_init_rti_board_start
 .rti_fn.1.end  0x0002f92c        0x4 build/kernel/src/components.o
                0x0002f92c                __rt_init_rti_board_end
 .rti_fn.2      0x0002f930        0x4 build/kernel/components/dfs/src/dfs.o
                0x0002f930                __rt_init_dfs_init
 .rti_fn.6      0x0002f934        0x4 build/kernel/components/finsh/shell.o
                0x0002f934                __rt_init_finsh_system_init
 .rti_fn.6.end  0x0002f938        0x4 build/kernel/src/components.o
                0x0002f938                __rt_init_rti_end
                0x0002f93c                __rt_init_end = .
                0x0002f93c                . = ALIGN (0x4)
                0x0002f93c                . = ALIGN (0x4)
                0x0002f93c                _etext = .

.vfp11_veneer   0x0002f93c        0x0
 .vfp11_veneer  0x0002f93c        0x0 linker stubs

.v4_bx          0x0002f93c        0x0
 .v4_bx         0x0002f93c        0x0 linker stubs

.iplt           0x0002f93c        0x0
 .iplt          0x0002f93c        0x0 build/applications/main.o

.rel.dyn        0x0002f93c        0x0
 .rel.iplt      0x0002f93c        0x0 build/applications/main.o

.eh_frame_hdr
 *(.eh_frame_hdr)
 *(.eh_frame_entry)

.eh_frame
 *(.eh_frame)
                0x0002f93c                . = ALIGN (0x4)

.data           0x0002f940      0x4d8
 *(.data)
 .data          0x0002f940        0x8 build/driver/drv_uart.o
 .data          0x0002f948       0x90 build/kernel/src/object.o
 .data          0x0002f9d8      0x100 build/kernel/components/dfs/src/dfs.o
                0x0002f9d8                working_directory
 .data          0x0002fad8      0x100 build/kernel/components/libc/compilers/minilibc/string.o
                0x0002fad8                _ctype
 .data          0x0002fbd8        0x4 build/kernel/components/finsh/msh.o
 .data          0x0002fbdc       0x3c build/kernel/components/finsh/finsh_error.o
 *(.data.*)
 .data.share.isr
                0x0002fc18      0x200 build/cpu/start_gcc.o
                0x0002fc18                stack_start
                0x0002fe18                stack_top
 *(.data1)
 *(.data1.*)
                0x0002fe18                . = ALIGN (0x8)
                0x0002fe18                _gp = ABSOLUTE (.)
 *(.sdata)
 *(.sdata.*)

.igot.plt       0x0002fe18        0x0
 .igot.plt      0x0002fe18        0x0 build/applications/main.o
                0x0002fe18                . = ALIGN (0x4)

.ctors          0x0002fe18        0x0
                [!provide]                PROVIDE (__ctors_start__, .)
 *(SORT(.ctors.*))
 *(.ctors)
                [!provide]                PROVIDE (__ctors_end__, .)

.dtors          0x0002fe18        0x0
                [!provide]                PROVIDE (__dtors_start__, .)
 *(SORT(.dtors.*))
 *(.dtors)
                [!provide]                PROVIDE (__dtors_end__, .)
                0x0002fe18                . = ALIGN (0x4)

.bss            0x0002fe18      0xf38
                0x0002fe18                PROVIDE (__bss_start, .)
 *(.bss)
 .bss           0x0002fe18       0x54 build/driver/drv_uart.o
 .bss           0x0002fe6c        0x4 build/kernel/src/clock.o
 .bss           0x0002fe70      0x190 build/kernel/src/idle.o
 .bss           0x00030000        0x9 build/kernel/src/irq.o
                0x00030008                rt_interrupt_nest
 *fill*         0x00030009        0x3 
 .bss           0x0003000c       0x88 build/kernel/src/kservice.o
 .bss           0x00030094       0x40 build/kernel/src/mem.o
 .bss           0x000300d4        0x8 build/kernel/src/object.o
 .bss           0x000300dc        0x8 build/kernel/src/scheduler.o
 .bss           0x000300e4        0xc build/kernel/src/thread.o
 .bss           0x000300f0      0x29c build/kernel/src/timer.o
 .bss           0x0003038c       0x30 build/kernel/components/dfs/src/dfs.o
 .bss           0x000303bc      0x128 build/kernel/components/dfs/src/dfs_file.o
 .bss           0x000304e4       0x44 build/kernel/components/drivers/misc/pin.o
 .bss           0x00030528        0x4 build/kernel/components/drivers/serial/serial.o
 .bss           0x0003052c        0x4 build/kernel/components/libc/compilers/minilibc/string.o
 .bss           0x00030530       0x95 build/kernel/components/finsh/shell.o
                0x00030530                _syscall_table_begin
                0x00030534                _syscall_table_end
                0x00030538                _sysvar_table_begin
                0x0003053c                _sysvar_table_end
 *fill*         0x000305c5        0x3 
 .bss           0x000305c8        0x4 build/kernel/components/finsh/cmd.o
 .bss           0x000305cc        0x8 build/kernel/components/finsh/finsh_heap.o
 .bss           0x000305d4        0x4 build/kernel/components/finsh/finsh_vm.o
                0x000305d4                global_syscall_list
 *(.bss.*)
 *(.dynbss)
 *(COMMON)
 COMMON         0x000305d8        0x4 build/driver/board.o
                0x000305d8                cntfrq
 COMMON         0x000305dc      0x20c build/cpu/interrupt.o
                0x000305dc                rt_interrupt_to_thread
                0x000305e0                rt_interrupt_from_thread
                0x000305e4                rt_thread_switch_interrupt_flag
                0x000305e8                isr_table
 COMMON         0x000307e8        0x4 build/kernel/src/kservice.o
                0x000307e8                rt_assert_hook
 COMMON         0x000307ec        0xc build/kernel/src/object.o
                0x000307ec                rt_object_put_hook
                0x000307f0                rt_object_take_hook
                0x000307f4                rt_object_trytake_hook
 COMMON         0x000307f8      0x114 build/kernel/src/scheduler.o
                0x000307f8                rt_thread_priority_table
                0x000308f8                rt_current_priority
                0x000308fc                rt_current_thread
                0x00030900                rt_thread_ready_priority_group
                0x00030904                rt_thread_defunct
 COMMON         0x0003090c       0x28 build/kernel/components/dfs/src/dfs.o
                0x0003090c                filesystem_table
                0x0003092c                filesystem_operation_table
 COMMON         0x00030934        0x4 build/kernel/components/finsh/shell.o
                0x00030934                shell
 COMMON         0x00030938        0x8 build/kernel/components/finsh/finsh_compiler.o
                0x00030938                finsh_compile_pc
                0x0003093c                finsh_compile_sp
 COMMON         0x00030940        0x1 build/kernel/components/finsh/finsh_error.o
                0x00030940                global_errno
 *fill*         0x00030941        0x3 
 COMMON         0x00030944       0x80 build/kernel/components/finsh/finsh_heap.o
                0x00030944                finsh_heap
 COMMON         0x000309c4      0x140 build/kernel/components/finsh/finsh_node.o
                0x000309c4                global_node_table
 COMMON         0x00030b04       0xc4 build/kernel/components/finsh/finsh_var.o
                0x00030b04                global_sysvar_list
                0x00030b08                global_variable
 COMMON         0x00030bc8      0x188 build/kernel/components/finsh/finsh_vm.o
                0x00030bc8                text_segment
                0x00030c48                finsh_vm_stack
                0x00030d48                finsh_pc
                0x00030d4c                finsh_sp
                0x00030d50                PROVIDE (__bss_end, .)
                0x00030d50                _end = .

.stab
 *(.stab)

.stabstr
 *(.stabstr)

.stab.excl
 *(.stab.excl)

.stab.exclstr
 *(.stab.exclstr)

.stab.index
 *(.stab.index)

.stab.indexstr
 *(.stab.indexstr)

.comment        0x00000000       0x6e
 *(.comment)
 .comment       0x00000000       0x6e build/applications/main.o
                                 0x6f (size before relaxing)
 .comment       0x0000006e       0x6f build/driver/board.o
 .comment       0x0000006e       0x6f build/driver/drv_uart.o
 .comment       0x0000006e       0x6f build/cpu/cpu.o
 .comment       0x0000006e       0x6f build/cpu/interrupt.o
 .comment       0x0000006e       0x6f build/cpu/stack.o
 .comment       0x0000006e       0x6f build/cpu/trap.o
 .comment       0x0000006e       0x6f build/kernel/src/clock.o
 .comment       0x0000006e       0x6f build/kernel/src/components.o
 .comment       0x0000006e       0x6f build/kernel/src/device.o
 .comment       0x0000006e       0x6f build/kernel/src/idle.o
 .comment       0x0000006e       0x6f build/kernel/src/ipc.o
 .comment       0x0000006e       0x6f build/kernel/src/irq.o
 .comment       0x0000006e       0x6f build/kernel/src/kservice.o
 .comment       0x0000006e       0x6f build/kernel/src/mem.o
 .comment       0x0000006e       0x6f build/kernel/src/object.o
 .comment       0x0000006e       0x6f build/kernel/src/scheduler.o
 .comment       0x0000006e       0x6f build/kernel/src/thread.o
 .comment       0x0000006e       0x6f build/kernel/src/timer.o
 .comment       0x0000006e       0x6f build/kernel/components/dfs/src/dfs.o
 .comment       0x0000006e       0x6f build/kernel/components/dfs/src/dfs_file.o
 .comment       0x0000006e       0x6f build/kernel/components/dfs/src/dfs_fs.o
 .comment       0x0000006e       0x6f build/kernel/components/dfs/src/dfs_posix.o
 .comment       0x0000006e       0x6f build/kernel/components/dfs/filesystems/devfs/devfs.o
 .comment       0x0000006e       0x6f build/kernel/components/drivers/misc/pin.o
 .comment       0x0000006e       0x6f build/kernel/components/drivers/src/completion.o
 .comment       0x0000006e       0x6f build/kernel/components/drivers/src/dataqueue.o
 .comment       0x0000006e       0x6f build/kernel/components/drivers/serial/serial.o
 .comment       0x0000006e       0x6f build/kernel/components/libc/compilers/minilibc/stdlib.o
 .comment       0x0000006e       0x6f build/kernel/components/libc/compilers/minilibc/string.o
 .comment       0x0000006e       0x6f build/kernel/components/finsh/shell.o
 .comment       0x0000006e       0x6f build/kernel/components/finsh/cmd.o
 .comment       0x0000006e       0x6f build/kernel/components/finsh/msh.o
 .comment       0x0000006e       0x6f build/kernel/components/finsh/msh_file.o
 .comment       0x0000006e       0x6f build/kernel/components/finsh/finsh_compiler.o
 .comment       0x0000006e       0x6f build/kernel/components/finsh/finsh_error.o
 .comment       0x0000006e       0x6f build/kernel/components/finsh/finsh_heap.o
 .comment       0x0000006e       0x6f build/kernel/components/finsh/finsh_init.o
 .comment       0x0000006e       0x6f build/kernel/components/finsh/finsh_node.o
 .comment       0x0000006e       0x6f build/kernel/components/finsh/finsh_ops.o
 .comment       0x0000006e       0x6f build/kernel/components/finsh/finsh_parser.o
 .comment       0x0000006e       0x6f build/kernel/components/finsh/finsh_var.o
 .comment       0x0000006e       0x6f build/kernel/components/finsh/finsh_vm.o
 .comment       0x0000006e       0x6f build/kernel/components/finsh/finsh_token.o

.ARM.attributes
                0x00000000       0x2f
 .ARM.attributes
                0x00000000       0x2f build/applications/main.o
 .ARM.attributes
                0x0000002f       0x2f build/driver/board.o
 .ARM.attributes
                0x0000005e       0x2f build/driver/drv_uart.o
 .ARM.attributes
                0x0000008d       0x2f build/cpu/cpu.o
 .ARM.attributes
                0x000000bc       0x2f build/cpu/interrupt.o
 .ARM.attributes
                0x000000eb       0x2f build/cpu/stack.o
 .ARM.attributes
                0x0000011a       0x2f build/cpu/trap.o
 .ARM.attributes
                0x00000149       0x16 build/cpu/context_gcc.o
 .ARM.attributes
                0x0000015f       0x16 build/cpu/cp15_gcc.o
 .ARM.attributes
                0x00000175       0x18 build/cpu/start_gcc.o
 .ARM.attributes
                0x0000018d       0x14 build/cpu/vector_gcc.o
 .ARM.attributes
                0x000001a1       0x2f build/kernel/src/clock.o
 .ARM.attributes
                0x000001d0       0x2f build/kernel/src/components.o
 .ARM.attributes
                0x000001ff       0x2f build/kernel/src/device.o
 .ARM.attributes
                0x0000022e       0x2f build/kernel/src/idle.o
 .ARM.attributes
                0x0000025d       0x2f build/kernel/src/ipc.o
 .ARM.attributes
                0x0000028c       0x2f build/kernel/src/irq.o
 .ARM.attributes
                0x000002bb       0x2f build/kernel/src/kservice.o
 .ARM.attributes
                0x000002ea       0x2f build/kernel/src/mem.o
 .ARM.attributes
                0x00000319       0x2f build/kernel/src/object.o
 .ARM.attributes
                0x00000348       0x2f build/kernel/src/scheduler.o
 .ARM.attributes
                0x00000377       0x2f build/kernel/src/thread.o
 .ARM.attributes
                0x000003a6       0x2f build/kernel/src/timer.o
 .ARM.attributes
                0x000003d5       0x2f build/kernel/components/dfs/src/dfs.o
 .ARM.attributes
                0x00000404       0x2f build/kernel/components/dfs/src/dfs_file.o
 .ARM.attributes
                0x00000433       0x2f build/kernel/components/dfs/src/dfs_fs.o
 .ARM.attributes
                0x00000462       0x2f build/kernel/components/dfs/src/dfs_posix.o
 .ARM.attributes
                0x00000491       0x2f build/kernel/components/dfs/filesystems/devfs/devfs.o
 .ARM.attributes
                0x000004c0       0x2f build/kernel/components/drivers/misc/pin.o
 .ARM.attributes
                0x000004ef       0x2f build/kernel/components/drivers/src/completion.o
 .ARM.attributes
                0x0000051e       0x2f build/kernel/components/drivers/src/dataqueue.o
 .ARM.attributes
                0x0000054d       0x2f build/kernel/components/drivers/serial/serial.o
 .ARM.attributes
                0x0000057c       0x2f build/kernel/components/libc/compilers/minilibc/stdlib.o
 .ARM.attributes
                0x000005ab       0x2f build/kernel/components/libc/compilers/minilibc/string.o
 .ARM.attributes
                0x000005da       0x2f build/kernel/components/finsh/shell.o
 .ARM.attributes
                0x00000609       0x2f build/kernel/components/finsh/cmd.o
 .ARM.attributes
                0x00000638       0x2f build/kernel/components/finsh/msh.o
 .ARM.attributes
                0x00000667       0x2f build/kernel/components/finsh/msh_file.o
 .ARM.attributes
                0x00000696       0x2f build/kernel/components/finsh/finsh_compiler.o
 .ARM.attributes
                0x000006c5       0x2f build/kernel/components/finsh/finsh_error.o
 .ARM.attributes
                0x000006f4       0x2f build/kernel/components/finsh/finsh_heap.o
 .ARM.attributes
                0x00000723       0x2f build/kernel/components/finsh/finsh_init.o
 .ARM.attributes
                0x00000752       0x2f build/kernel/components/finsh/finsh_node.o
 .ARM.attributes
                0x00000781       0x2f build/kernel/components/finsh/finsh_ops.o
 .ARM.attributes
                0x000007b0       0x2f build/kernel/components/finsh/finsh_parser.o
 .ARM.attributes
                0x000007df       0x2f build/kernel/components/finsh/finsh_var.o
 .ARM.attributes
                0x0000080e       0x2f build/kernel/components/finsh/finsh_vm.o
 .ARM.attributes
                0x0000083d       0x2f build/kernel/components/finsh/finsh_token.o
 .ARM.attributes
                0x0000086c       0x1b /opt/gcc-arm-none-eabi-5_4-2016q3/bin/../lib/gcc/arm-none-eabi/5.4.1/armv7-ar/thumb/softfp/libgcc.a(_udivsi3.o)
 .ARM.attributes
                0x00000887       0x1b /opt/gcc-arm-none-eabi-5_4-2016q3/bin/../lib/gcc/arm-none-eabi/5.4.1/armv7-ar/thumb/softfp/libgcc.a(_divsi3.o)
 .ARM.attributes
                0x000008a2       0x1b /opt/gcc-arm-none-eabi-5_4-2016q3/bin/../lib/gcc/arm-none-eabi/5.4.1/armv7-ar/thumb/softfp/libgcc.a(_dvmd_tls.o)

.debug
 *(.debug)

.line
 *(.line)

.debug_srcinfo
 *(.debug_srcinfo)

.debug_sfnames
 *(.debug_sfnames)

.debug_aranges  0x00000000      0x610
 *(.debug_aranges)
 .debug_aranges
                0x00000000       0x20 build/applications/main.o
 .debug_aranges
                0x00000020       0x20 build/driver/board.o
 .debug_aranges
                0x00000040       0x20 build/driver/drv_uart.o
 .debug_aranges
                0x00000060       0x20 build/cpu/cpu.o
 .debug_aranges
                0x00000080       0x20 build/cpu/interrupt.o
 .debug_aranges
                0x000000a0       0x20 build/cpu/stack.o
 .debug_aranges
                0x000000c0       0x20 build/cpu/trap.o
 .debug_aranges
                0x000000e0       0x28 build/cpu/context_gcc.o
 .debug_aranges
                0x00000108       0x20 build/cpu/cp15_gcc.o
 .debug_aranges
                0x00000128       0x28 build/cpu/start_gcc.o
 .debug_aranges
                0x00000150       0x20 build/cpu/vector_gcc.o
 .debug_aranges
                0x00000170       0x20 build/kernel/src/clock.o
 .debug_aranges
                0x00000190       0x20 build/kernel/src/components.o
 .debug_aranges
                0x000001b0       0x20 build/kernel/src/device.o
 .debug_aranges
                0x000001d0       0x20 build/kernel/src/idle.o
 .debug_aranges
                0x000001f0       0x20 build/kernel/src/ipc.o
 .debug_aranges
                0x00000210       0x20 build/kernel/src/irq.o
 .debug_aranges
                0x00000230       0x20 build/kernel/src/kservice.o
 .debug_aranges
                0x00000250       0x20 build/kernel/src/mem.o
 .debug_aranges
                0x00000270       0x20 build/kernel/src/object.o
 .debug_aranges
                0x00000290       0x20 build/kernel/src/scheduler.o
 .debug_aranges
                0x000002b0       0x20 build/kernel/src/thread.o
 .debug_aranges
                0x000002d0       0x20 build/kernel/src/timer.o
 .debug_aranges
                0x000002f0       0x20 build/kernel/components/dfs/src/dfs.o
 .debug_aranges
                0x00000310       0x20 build/kernel/components/dfs/src/dfs_file.o
 .debug_aranges
                0x00000330       0x20 build/kernel/components/dfs/src/dfs_fs.o
 .debug_aranges
                0x00000350       0x20 build/kernel/components/dfs/src/dfs_posix.o
 .debug_aranges
                0x00000370       0x20 build/kernel/components/dfs/filesystems/devfs/devfs.o
 .debug_aranges
                0x00000390       0x20 build/kernel/components/drivers/misc/pin.o
 .debug_aranges
                0x000003b0       0x20 build/kernel/components/drivers/src/completion.o
 .debug_aranges
                0x000003d0       0x20 build/kernel/components/drivers/src/dataqueue.o
 .debug_aranges
                0x000003f0       0x20 build/kernel/components/drivers/serial/serial.o
 .debug_aranges
                0x00000410       0x20 build/kernel/components/libc/compilers/minilibc/stdlib.o
 .debug_aranges
                0x00000430       0x20 build/kernel/components/libc/compilers/minilibc/string.o
 .debug_aranges
                0x00000450       0x20 build/kernel/components/finsh/shell.o
 .debug_aranges
                0x00000470       0x20 build/kernel/components/finsh/cmd.o
 .debug_aranges
                0x00000490       0x20 build/kernel/components/finsh/msh.o
 .debug_aranges
                0x000004b0       0x20 build/kernel/components/finsh/msh_file.o
 .debug_aranges
                0x000004d0       0x20 build/kernel/components/finsh/finsh_compiler.o
 .debug_aranges
                0x000004f0       0x20 build/kernel/components/finsh/finsh_error.o
 .debug_aranges
                0x00000510       0x20 build/kernel/components/finsh/finsh_heap.o
 .debug_aranges
                0x00000530       0x20 build/kernel/components/finsh/finsh_init.o
 .debug_aranges
                0x00000550       0x20 build/kernel/components/finsh/finsh_node.o
 .debug_aranges
                0x00000570       0x20 build/kernel/components/finsh/finsh_ops.o
 .debug_aranges
                0x00000590       0x20 build/kernel/components/finsh/finsh_parser.o
 .debug_aranges
                0x000005b0       0x20 build/kernel/components/finsh/finsh_var.o
 .debug_aranges
                0x000005d0       0x20 build/kernel/components/finsh/finsh_vm.o
 .debug_aranges
                0x000005f0       0x20 build/kernel/components/finsh/finsh_token.o

.debug_pubnames
 *(.debug_pubnames)

.debug_info     0x00000000    0x1918a
 *(.debug_info .gnu.linkonce.wi.*)
 .debug_info    0x00000000       0xc1 build/applications/main.o
 .debug_info    0x000000c1      0x26c build/driver/board.o
 .debug_info    0x0000032d      0x879 build/driver/drv_uart.o
 .debug_info    0x00000ba6      0x105 build/cpu/cpu.o
 .debug_info    0x00000cab      0x273 build/cpu/interrupt.o
 .debug_info    0x00000f1e      0x103 build/cpu/stack.o
 .debug_info    0x00001021      0x35d build/cpu/trap.o
 .debug_info    0x0000137e       0x6a build/cpu/context_gcc.o
 .debug_info    0x000013e8       0x6b build/cpu/cp15_gcc.o
 .debug_info    0x00001453       0x68 build/cpu/start_gcc.o
 .debug_info    0x000014bb       0x6d build/cpu/vector_gcc.o
 .debug_info    0x00001528      0x435 build/kernel/src/clock.o
 .debug_info    0x0000195d      0x547 build/kernel/src/components.o
 .debug_info    0x00001ea4      0x969 build/kernel/src/device.o
 .debug_info    0x0000280d      0x62c build/kernel/src/idle.o
 .debug_info    0x00002e39     0x1b8f build/kernel/src/ipc.o
 .debug_info    0x000049c8      0x1b0 build/kernel/src/irq.o
 .debug_info    0x00004b78     0x12a0 build/kernel/src/kservice.o
 .debug_info    0x00005e18      0x782 build/kernel/src/mem.o
 .debug_info    0x0000659a      0x792 build/kernel/src/object.o
 .debug_info    0x00006d2c      0x7e4 build/kernel/src/scheduler.o
 .debug_info    0x00007510      0xbd1 build/kernel/src/thread.o
 .debug_info    0x000080e1      0xb24 build/kernel/src/timer.o
 .debug_info    0x00008c05     0x129e build/kernel/components/dfs/src/dfs.o
 .debug_info    0x00009ea3     0x1339 build/kernel/components/dfs/src/dfs_file.o
 .debug_info    0x0000b1dc     0x10c9 build/kernel/components/dfs/src/dfs_fs.o
 .debug_info    0x0000c2a5     0x1402 build/kernel/components/dfs/src/dfs_posix.o
 .debug_info    0x0000d6a7      0xfa3 build/kernel/components/dfs/filesystems/devfs/devfs.o
 .debug_info    0x0000e64a      0xb04 build/kernel/components/drivers/misc/pin.o
 .debug_info    0x0000f14e      0x58a build/kernel/components/drivers/src/completion.o
 .debug_info    0x0000f6d8      0x7b7 build/kernel/components/drivers/src/dataqueue.o
 .debug_info    0x0000fe8f     0x1237 build/kernel/components/drivers/serial/serial.o
 .debug_info    0x000110c6      0x1e4 build/kernel/components/libc/compilers/minilibc/stdlib.o
 .debug_info    0x000112aa      0xb23 build/kernel/components/libc/compilers/minilibc/string.o
 .debug_info    0x00011dcd     0x102e build/kernel/components/finsh/shell.o
 .debug_info    0x00012dfb     0x1de8 build/kernel/components/finsh/cmd.o
 .debug_info    0x00014be3      0x8ef build/kernel/components/finsh/msh.o
 .debug_info    0x000154d2      0x933 build/kernel/components/finsh/msh_file.o
 .debug_info    0x00015e05      0x57a build/kernel/components/finsh/finsh_compiler.o
 .debug_info    0x0001637f      0x151 build/kernel/components/finsh/finsh_error.o
 .debug_info    0x000164d0      0x40c build/kernel/components/finsh/finsh_heap.o
 .debug_info    0x000168dc      0x481 build/kernel/components/finsh/finsh_init.o
 .debug_info    0x00016d5d      0x48c build/kernel/components/finsh/finsh_node.o
 .debug_info    0x000171e9      0x639 build/kernel/components/finsh/finsh_ops.o
 .debug_info    0x00017822      0xbed build/kernel/components/finsh/finsh_parser.o
 .debug_info    0x0001840f      0x3cf build/kernel/components/finsh/finsh_var.o
 .debug_info    0x000187de      0x2de build/kernel/components/finsh/finsh_vm.o
 .debug_info    0x00018abc      0x6ce build/kernel/components/finsh/finsh_token.o

.debug_abbrev   0x00000000     0x4b04
 *(.debug_abbrev)
 .debug_abbrev  0x00000000       0x5e build/applications/main.o
 .debug_abbrev  0x0000005e      0x11e build/driver/board.o
 .debug_abbrev  0x0000017c      0x19e build/driver/drv_uart.o
 .debug_abbrev  0x0000031a       0xa2 build/cpu/cpu.o
 .debug_abbrev  0x000003bc      0x123 build/cpu/interrupt.o
 .debug_abbrev  0x000004df       0x81 build/cpu/stack.o
 .debug_abbrev  0x00000560      0x10b build/cpu/trap.o
 .debug_abbrev  0x0000066b       0x12 build/cpu/context_gcc.o
 .debug_abbrev  0x0000067d       0x14 build/cpu/cp15_gcc.o
 .debug_abbrev  0x00000691       0x12 build/cpu/start_gcc.o
 .debug_abbrev  0x000006a3       0x14 build/cpu/vector_gcc.o
 .debug_abbrev  0x000006b7      0x138 build/kernel/src/clock.o
 .debug_abbrev  0x000007ef      0x15d build/kernel/src/components.o
 .debug_abbrev  0x0000094c      0x18f build/kernel/src/device.o
 .debug_abbrev  0x00000adb      0x1ef build/kernel/src/idle.o
 .debug_abbrev  0x00000cca      0x1f9 build/kernel/src/ipc.o
 .debug_abbrev  0x00000ec3       0xdc build/kernel/src/irq.o
 .debug_abbrev  0x00000f9f      0x2bf build/kernel/src/kservice.o
 .debug_abbrev  0x0000125e      0x206 build/kernel/src/mem.o
 .debug_abbrev  0x00001464      0x1f6 build/kernel/src/object.o
 .debug_abbrev  0x0000165a      0x238 build/kernel/src/scheduler.o
 .debug_abbrev  0x00001892      0x23b build/kernel/src/thread.o
 .debug_abbrev  0x00001acd      0x28f build/kernel/src/timer.o
 .debug_abbrev  0x00001d5c      0x28e build/kernel/components/dfs/src/dfs.o
 .debug_abbrev  0x00001fea      0x268 build/kernel/components/dfs/src/dfs_file.o
 .debug_abbrev  0x00002252      0x22b build/kernel/components/dfs/src/dfs_fs.o
 .debug_abbrev  0x0000247d      0x239 build/kernel/components/dfs/src/dfs_posix.o
 .debug_abbrev  0x000026b6      0x208 build/kernel/components/dfs/filesystems/devfs/devfs.o
 .debug_abbrev  0x000028be      0x1a5 build/kernel/components/drivers/misc/pin.o
 .debug_abbrev  0x00002a63      0x180 build/kernel/components/drivers/src/completion.o
 .debug_abbrev  0x00002be3      0x1b0 build/kernel/components/drivers/src/dataqueue.o
 .debug_abbrev  0x00002d93      0x22c build/kernel/components/drivers/serial/serial.o
 .debug_abbrev  0x00002fbf       0xf6 build/kernel/components/libc/compilers/minilibc/stdlib.o
 .debug_abbrev  0x000030b5      0x1a8 build/kernel/components/libc/compilers/minilibc/string.o
 .debug_abbrev  0x0000325d      0x31e build/kernel/components/finsh/shell.o
 .debug_abbrev  0x0000357b      0x2b9 build/kernel/components/finsh/cmd.o
 .debug_abbrev  0x00003834      0x29e build/kernel/components/finsh/msh.o
 .debug_abbrev  0x00003ad2      0x1a5 build/kernel/components/finsh/msh_file.o
 .debug_abbrev  0x00003c77      0x1d6 build/kernel/components/finsh/finsh_compiler.o
 .debug_abbrev  0x00003e4d       0xbe build/kernel/components/finsh/finsh_error.o
 .debug_abbrev  0x00003f0b      0x19b build/kernel/components/finsh/finsh_heap.o
 .debug_abbrev  0x000040a6      0x122 build/kernel/components/finsh/finsh_init.o
 .debug_abbrev  0x000041c8      0x15c build/kernel/components/finsh/finsh_node.o
 .debug_abbrev  0x00004324      0x15d build/kernel/components/finsh/finsh_ops.o
 .debug_abbrev  0x00004481      0x1c9 build/kernel/components/finsh/finsh_parser.o
 .debug_abbrev  0x0000464a      0x16d build/kernel/components/finsh/finsh_var.o
 .debug_abbrev  0x000047b7      0x146 build/kernel/components/finsh/finsh_vm.o
 .debug_abbrev  0x000048fd      0x207 build/kernel/components/finsh/finsh_token.o

.debug_line     0x00000000     0x718f
 *(.debug_line)
 .debug_line    0x00000000       0x53 build/applications/main.o
 .debug_line    0x00000053       0xfd build/driver/board.o
 .debug_line    0x00000150      0x1a4 build/driver/drv_uart.o
 .debug_line    0x000002f4       0x84 build/cpu/cpu.o
 .debug_line    0x00000378      0x128 build/cpu/interrupt.o
 .debug_line    0x000004a0       0x8e build/cpu/stack.o
 .debug_line    0x0000052e      0x12c build/cpu/trap.o
 .debug_line    0x0000065a       0x75 build/cpu/context_gcc.o
 .debug_line    0x000006cf       0x8a build/cpu/cp15_gcc.o
 .debug_line    0x00000759       0xd6 build/cpu/start_gcc.o
 .debug_line    0x0000082f       0x47 build/cpu/vector_gcc.o
 .debug_line    0x00000876       0xc1 build/kernel/src/clock.o
 .debug_line    0x00000937      0x105 build/kernel/src/components.o
 .debug_line    0x00000a3c      0x214 build/kernel/src/device.o
 .debug_line    0x00000c50      0x174 build/kernel/src/idle.o
 .debug_line    0x00000dc4      0x8f5 build/kernel/src/ipc.o
 .debug_line    0x000016b9       0xcb build/kernel/src/irq.o
 .debug_line    0x00001784      0x451 build/kernel/src/kservice.o
 .debug_line    0x00001bd5      0x2d1 build/kernel/src/mem.o
 .debug_line    0x00001ea6      0x200 build/kernel/src/object.o
 .debug_line    0x000020a6      0x1ac build/kernel/src/scheduler.o
 .debug_line    0x00002252      0x2b7 build/kernel/src/thread.o
 .debug_line    0x00002509      0x2a7 build/kernel/src/timer.o
 .debug_line    0x000027b0      0x496 build/kernel/components/dfs/src/dfs.o
 .debug_line    0x00002c46      0x471 build/kernel/components/dfs/src/dfs_file.o
 .debug_line    0x000030b7      0x489 build/kernel/components/dfs/src/dfs_fs.o
 .debug_line    0x00003540      0x457 build/kernel/components/dfs/src/dfs_posix.o
 .debug_line    0x00003997      0x399 build/kernel/components/dfs/filesystems/devfs/devfs.o
 .debug_line    0x00003d30      0x1fd build/kernel/components/drivers/misc/pin.o
 .debug_line    0x00003f2d      0x191 build/kernel/components/drivers/src/completion.o
 .debug_line    0x000040be      0x23f build/kernel/components/drivers/src/dataqueue.o
 .debug_line    0x000042fd      0x4d6 build/kernel/components/drivers/serial/serial.o
 .debug_line    0x000047d3      0x146 build/kernel/components/libc/compilers/minilibc/stdlib.o
 .debug_line    0x00004919      0x41f build/kernel/components/libc/compilers/minilibc/string.o
 .debug_line    0x00004d38      0x367 build/kernel/components/finsh/shell.o
 .debug_line    0x0000509f      0x480 build/kernel/components/finsh/cmd.o
 .debug_line    0x0000551f      0x339 build/kernel/components/finsh/msh.o
 .debug_line    0x00005858      0x1ae build/kernel/components/finsh/msh_file.o
 .debug_line    0x00005a06      0x5bc build/kernel/components/finsh/finsh_compiler.o
 .debug_line    0x00005fc2       0xdc build/kernel/components/finsh/finsh_error.o
 .debug_line    0x0000609e      0x224 build/kernel/components/finsh/finsh_heap.o
 .debug_line    0x000062c2      0x11c build/kernel/components/finsh/finsh_init.o
 .debug_line    0x000063de      0x165 build/kernel/components/finsh/finsh_node.o
 .debug_line    0x00006543      0x28f build/kernel/components/finsh/finsh_ops.o
 .debug_line    0x000067d2      0x3d7 build/kernel/components/finsh/finsh_parser.o
 .debug_line    0x00006ba9      0x17b build/kernel/components/finsh/finsh_var.o
 .debug_line    0x00006d24      0x145 build/kernel/components/finsh/finsh_vm.o
 .debug_line    0x00006e69      0x326 build/kernel/components/finsh/finsh_token.o

.debug_frame    0x00000000     0x4cf0
 *(.debug_frame)
 .debug_frame   0x00000000       0x2c build/applications/main.o
 .debug_frame   0x0000002c      0x144 build/driver/board.o
 .debug_frame   0x00000170       0xd0 build/driver/drv_uart.o
 .debug_frame   0x00000240       0x50 build/cpu/cpu.o
 .debug_frame   0x00000290       0xb0 build/cpu/interrupt.o
 .debug_frame   0x00000340       0x34 build/cpu/stack.o
 .debug_frame   0x00000374      0x110 build/cpu/trap.o
 .debug_frame   0x00000484       0xb0 build/kernel/src/clock.o
 .debug_frame   0x00000534      0x148 build/kernel/src/components.o
 .debug_frame   0x0000067c      0x1d8 build/kernel/src/device.o
 .debug_frame   0x00000854      0x110 build/kernel/src/idle.o
 .debug_frame   0x00000964      0x610 build/kernel/src/ipc.o
 .debug_frame   0x00000f74       0xb0 build/kernel/src/irq.o
 .debug_frame   0x00001024      0x488 build/kernel/src/kservice.o
 .debug_frame   0x000014ac      0x158 build/kernel/src/mem.o
 .debug_frame   0x00001604      0x220 build/kernel/src/object.o
 .debug_frame   0x00001824      0x204 build/kernel/src/scheduler.o
 .debug_frame   0x00001a28      0x300 build/kernel/src/thread.o
 .debug_frame   0x00001d28      0x2dc build/kernel/src/timer.o
 .debug_frame   0x00002004      0x198 build/kernel/components/dfs/src/dfs.o
 .debug_frame   0x0000219c      0x288 build/kernel/components/dfs/src/dfs_file.o
 .debug_frame   0x00002424      0x160 build/kernel/components/dfs/src/dfs_fs.o
 .debug_frame   0x00002584      0x36c build/kernel/components/dfs/src/dfs_posix.o
 .debug_frame   0x000028f0      0x150 build/kernel/components/dfs/filesystems/devfs/devfs.o
 .debug_frame   0x00002a40      0x154 build/kernel/components/drivers/misc/pin.o
 .debug_frame   0x00002b94       0xd0 build/kernel/components/drivers/src/completion.o
 .debug_frame   0x00002c64      0x120 build/kernel/components/drivers/src/dataqueue.o
 .debug_frame   0x00002d84      0x280 build/kernel/components/drivers/serial/serial.o
 .debug_frame   0x00003004       0xd0 build/kernel/components/libc/compilers/minilibc/stdlib.o
 .debug_frame   0x000030d4      0x3b4 build/kernel/components/libc/compilers/minilibc/string.o
 .debug_frame   0x00003488      0x24c build/kernel/components/finsh/shell.o
 .debug_frame   0x000036d4      0x2d4 build/kernel/components/finsh/cmd.o
 .debug_frame   0x000039a8      0x1b8 build/kernel/components/finsh/msh.o
 .debug_frame   0x00003b60      0x1bc build/kernel/components/finsh/msh_file.o
 .debug_frame   0x00003d1c       0x78 build/kernel/components/finsh/finsh_compiler.o
 .debug_frame   0x00003d94       0x90 build/kernel/components/finsh/finsh_error.o
 .debug_frame   0x00003e24      0x10c build/kernel/components/finsh/finsh_heap.o
 .debug_frame   0x00003f30       0x90 build/kernel/components/finsh/finsh_init.o
 .debug_frame   0x00003fc0      0x110 build/kernel/components/finsh/finsh_node.o
 .debug_frame   0x000040d0      0x620 build/kernel/components/finsh/finsh_ops.o
 .debug_frame   0x000046f0      0x29c build/kernel/components/finsh/finsh_parser.o
 .debug_frame   0x0000498c       0xd0 build/kernel/components/finsh/finsh_var.o
 .debug_frame   0x00004a5c       0x74 build/kernel/components/finsh/finsh_vm.o
 .debug_frame   0x00004ad0      0x1e0 build/kernel/components/finsh/finsh_token.o
 .debug_frame   0x00004cb0       0x20 /opt/gcc-arm-none-eabi-5_4-2016q3/bin/../lib/gcc/arm-none-eabi/5.4.1/armv7-ar/thumb/softfp/libgcc.a(_udivsi3.o)
 .debug_frame   0x00004cd0       0x20 /opt/gcc-arm-none-eabi-5_4-2016q3/bin/../lib/gcc/arm-none-eabi/5.4.1/armv7-ar/thumb/softfp/libgcc.a(_divsi3.o)

.debug_str      0x00000000     0x53f6
 *(.debug_str)
 .debug_str     0x00000000      0x163 build/applications/main.o
                                0x1a1 (size before relaxing)
 .debug_str     0x00000163       0xcd build/driver/board.o
                                0x25c (size before relaxing)
 .debug_str     0x00000230      0x3f8 build/driver/drv_uart.o
                                0x614 (size before relaxing)
 .debug_str     0x00000628       0x2a build/cpu/cpu.o
                                0x1ce (size before relaxing)
 .debug_str     0x00000652      0x111 build/cpu/interrupt.o
                                0x2cf (size before relaxing)
 .debug_str     0x00000763       0x35 build/cpu/stack.o
                                0x1d4 (size before relaxing)
 .debug_str     0x00000798       0xb0 build/cpu/trap.o
                                0x27e (size before relaxing)
 .debug_str     0x00000848      0x138 build/kernel/src/clock.o
                                0x395 (size before relaxing)
 .debug_str     0x00000980      0x11f build/kernel/src/components.o
                                0x446 (size before relaxing)
 .debug_str     0x00000a9f      0x2e4 build/kernel/src/device.o
                                0x7b5 (size before relaxing)
 .debug_str     0x00000d83      0x12b build/kernel/src/idle.o
                                0x44a (size before relaxing)
 .debug_str     0x00000eae      0x497 build/kernel/src/ipc.o
                                0x956 (size before relaxing)
 .debug_str     0x00001345       0xd5 build/kernel/src/irq.o
                                0x285 (size before relaxing)
 .debug_str     0x0000141a      0x33a build/kernel/src/kservice.o
                                0x928 (size before relaxing)
 .debug_str     0x00001754      0x1c7 build/kernel/src/mem.o
                                0x441 (size before relaxing)
 .debug_str     0x0000191b      0x2ad build/kernel/src/object.o
                                0x6bf (size before relaxing)
 .debug_str     0x00001bc8      0x20c build/kernel/src/scheduler.o
                                0x5dd (size before relaxing)
 .debug_str     0x00001dd4      0x1db build/kernel/src/thread.o
                                0x72d (size before relaxing)
 .debug_str     0x00001faf      0x222 build/kernel/src/timer.o
                                0x72b (size before relaxing)
 .debug_str     0x000021d1      0x30a build/kernel/components/dfs/src/dfs.o
                                0x9e8 (size before relaxing)
 .debug_str     0x000024db      0x252 build/kernel/components/dfs/src/dfs_file.o
                                0x96f (size before relaxing)
 .debug_str     0x0000272d      0x1a0 build/kernel/components/dfs/src/dfs_fs.o
                                0x918 (size before relaxing)
 .debug_str     0x000028cd      0x138 build/kernel/components/dfs/src/dfs_posix.o
                                0x864 (size before relaxing)
 .debug_str     0x00002a05      0x157 build/kernel/components/dfs/filesystems/devfs/devfs.o
                                0x9e3 (size before relaxing)
 .debug_str     0x00002b5c      0x1bf build/kernel/components/drivers/misc/pin.o
                                0x715 (size before relaxing)
 .debug_str     0x00002d1b       0xa3 build/kernel/components/drivers/src/completion.o
                                0x40d (size before relaxing)
 .debug_str     0x00002dbe      0x10e build/kernel/components/drivers/src/dataqueue.o
                                0x4ba (size before relaxing)
 .debug_str     0x00002ecc      0x262 build/kernel/components/drivers/serial/serial.o
                                0x8db (size before relaxing)
 .debug_str     0x0000312e       0x67 build/kernel/components/libc/compilers/minilibc/stdlib.o
                                0x216 (size before relaxing)
 .debug_str     0x00003195      0x146 build/kernel/components/libc/compilers/minilibc/string.o
                                0x37b (size before relaxing)
 .debug_str     0x000032db      0x3a9 build/kernel/components/finsh/shell.o
                                0xa49 (size before relaxing)
 .debug_str     0x00003684      0x94d build/kernel/components/finsh/cmd.o
                               0x12d8 (size before relaxing)
 .debug_str     0x00003fd1      0x24f build/kernel/components/finsh/msh.o
                                0x507 (size before relaxing)
 .debug_str     0x00004220      0x320 build/kernel/components/finsh/msh_file.o
                                0x562 (size before relaxing)
 .debug_str     0x00004540       0xe7 build/kernel/components/finsh/finsh_compiler.o
                                0x449 (size before relaxing)
 .debug_str     0x00004627       0xae build/kernel/components/finsh/finsh_error.o
                                0x239 (size before relaxing)
 .debug_str     0x000046d5      0x12d build/kernel/components/finsh/finsh_heap.o
                                0x437 (size before relaxing)
 .debug_str     0x00004802       0x7d build/kernel/components/finsh/finsh_init.o
                                0x33c (size before relaxing)
 .debug_str     0x0000487f       0xfa build/kernel/components/finsh/finsh_node.o
                                0x340 (size before relaxing)
 .debug_str     0x00004979      0x2e1 build/kernel/components/finsh/finsh_ops.o
                                0x4ac (size before relaxing)
 .debug_str     0x00004c5a      0x520 build/kernel/components/finsh/finsh_parser.o
                                0x8e5 (size before relaxing)
 .debug_str     0x0000517a       0xb9 build/kernel/components/finsh/finsh_var.o
                                0x416 (size before relaxing)
 .debug_str     0x00005233       0x7c build/kernel/components/finsh/finsh_vm.o
                                0x300 (size before relaxing)
 .debug_str     0x000052af      0x147 build/kernel/components/finsh/finsh_token.o
                                0x67a (size before relaxing)

.debug_loc      0x00000000     0x84c4
 *(.debug_loc)
 .debug_loc     0x00000000       0x2c build/applications/main.o
 .debug_loc     0x0000002c      0x254 build/driver/board.o
 .debug_loc     0x00000280      0x150 build/driver/drv_uart.o
 .debug_loc     0x000003d0       0x7c build/cpu/cpu.o
 .debug_loc     0x0000044c      0x148 build/cpu/interrupt.o
 .debug_loc     0x00000594       0x44 build/cpu/stack.o
 .debug_loc     0x000005d8      0x1cc build/cpu/trap.o
 .debug_loc     0x000007a4      0x13c build/kernel/src/clock.o
 .debug_loc     0x000008e0      0x248 build/kernel/src/components.o
 .debug_loc     0x00000b28      0x31c build/kernel/src/device.o
 .debug_loc     0x00000e44      0x1d8 build/kernel/src/idle.o
 .debug_loc     0x0000101c      0xa34 build/kernel/src/ipc.o
 .debug_loc     0x00001a50      0x130 build/kernel/src/irq.o
 .debug_loc     0x00001b80      0x864 build/kernel/src/kservice.o
 .debug_loc     0x000023e4      0x248 build/kernel/src/mem.o
 .debug_loc     0x0000262c      0x3ec build/kernel/src/object.o
 .debug_loc     0x00002a18      0x36c build/kernel/src/scheduler.o
 .debug_loc     0x00002d84      0x550 build/kernel/src/thread.o
 .debug_loc     0x000032d4      0x500 build/kernel/src/timer.o
 .debug_loc     0x000037d4      0x2a0 build/kernel/components/dfs/src/dfs.o
 .debug_loc     0x00003a74      0x428 build/kernel/components/dfs/src/dfs_file.o
 .debug_loc     0x00003e9c      0x230 build/kernel/components/dfs/src/dfs_fs.o
 .debug_loc     0x000040cc      0x5e4 build/kernel/components/dfs/src/dfs_posix.o
 .debug_loc     0x000046b0      0x23c build/kernel/components/dfs/filesystems/devfs/devfs.o
 .debug_loc     0x000048ec      0x230 build/kernel/components/drivers/misc/pin.o
 .debug_loc     0x00004b1c      0x174 build/kernel/components/drivers/src/completion.o
 .debug_loc     0x00004c90      0x1e4 build/kernel/components/drivers/src/dataqueue.o
 .debug_loc     0x00004e74      0x41c build/kernel/components/drivers/serial/serial.o
 .debug_loc     0x00005290      0x168 build/kernel/components/libc/compilers/minilibc/stdlib.o
 .debug_loc     0x000053f8      0x690 build/kernel/components/libc/compilers/minilibc/string.o
 .debug_loc     0x00005a88      0x3cc build/kernel/components/finsh/shell.o
 .debug_loc     0x00005e54      0x4b0 build/kernel/components/finsh/cmd.o
 .debug_loc     0x00006304      0x308 build/kernel/components/finsh/msh.o
 .debug_loc     0x0000660c      0x2d8 build/kernel/components/finsh/msh_file.o
 .debug_loc     0x000068e4       0xa8 build/kernel/components/finsh/finsh_compiler.o
 .debug_loc     0x0000698c      0x110 build/kernel/components/finsh/finsh_error.o
 .debug_loc     0x00006a9c      0x1e4 build/kernel/components/finsh/finsh_heap.o
 .debug_loc     0x00006c80       0xec build/kernel/components/finsh/finsh_init.o
 .debug_loc     0x00006d6c      0x1c0 build/kernel/components/finsh/finsh_node.o
 .debug_loc     0x00006f2c      0xc24 build/kernel/components/finsh/finsh_ops.o
 .debug_loc     0x00007b50      0x460 build/kernel/components/finsh/finsh_parser.o
 .debug_loc     0x00007fb0      0x144 build/kernel/components/finsh/finsh_var.o
 .debug_loc     0x000080f4       0xa8 build/kernel/components/finsh/finsh_vm.o
 .debug_loc     0x0000819c      0x328 build/kernel/components/finsh/finsh_token.o

.debug_macinfo
 *(.debug_macinfo)

.debug_weaknames
 *(.debug_weaknames)

.debug_funcnames
 *(.debug_funcnames)

.debug_typenames
 *(.debug_typenames)

.debug_varnames
 *(.debug_varnames)
OUTPUT(rtthread.elf elf32-littlearm)

.debug_ranges   0x00000000      0x148
 .debug_ranges  0x00000000       0x20 build/cpu/context_gcc.o
 .debug_ranges  0x00000020       0x20 build/cpu/start_gcc.o
 .debug_ranges  0x00000040       0x30 build/kernel/src/scheduler.o
 .debug_ranges  0x00000070       0x18 build/kernel/src/timer.o
 .debug_ranges  0x00000088       0x18 build/kernel/components/dfs/src/dfs.o
 .debug_ranges  0x000000a0       0x48 build/kernel/components/drivers/serial/serial.o
 .debug_ranges  0x000000e8       0x60 build/kernel/components/finsh/finsh_compiler.o

Cross Reference Table
